../Core/Inc/bno055_stm32.h:20:6:bno055_assignI2C	16	static
../Core/Inc/bno055_stm32.h:24:6:bno055_delay	16	static
../Core/Inc/bno055_stm32.h:32:6:bno055_writeData	40	static
../Core/Inc/bno055_stm32.h:98:6:bno055_readData	24	static
../Core/Src/main.c:166:6:sendContinuousRangingCommand	32	static
../Core/Src/main.c:171:6:HAL_UARTEx_RxEventCallback	16	static
../Core/Src/main.c:195:6:parseData	56	static
../Core/Src/main.c:224:7:get_yaw	48	static
../Core/Src/main.c:234:6:processResponse	24	static
../Core/Src/main.c:239:6:restartReception	16	static
../Core/Src/main.c:250:5:main	200	static
../Core/Src/main.c:510:6:SystemClock_Config	88	static
../Core/Src/main.c:564:13:MX_I2C2_Init	8	static
../Core/Src/main.c:612:13:MX_TIM1_Init	112	static
../Core/Src/main.c:704:13:MX_TIM2_Init	64	static
../Core/Src/main.c:775:13:MX_TIM3_Init	64	static
../Core/Src/main.c:834:13:MX_TIM8_Init	112	static
../Core/Src/main.c:926:13:MX_UART4_Init	8	static
../Core/Src/main.c:961:13:MX_UART7_Init	8	static
../Core/Src/main.c:996:13:MX_UART8_Init	8	static
../Core/Src/main.c:1031:13:MX_USART1_UART_Init	8	static
../Core/Src/main.c:1066:13:MX_GPIO_Init	56	static
../Core/Src/main.c:1151:6:Error_Handler	4	static,ignoring_inline_asm
